// Jest Snapshot v1, https://goo.gl/fbAQLP

exports[`tengwar defaults to quenya|tengwar|elfica 1`] = `"<span class=\\"glaemscribe language-quenya writing-tengwar typeface-elfica\\"></span>"`;

exports[`tengwar transpiles nested children & their contents 1`] = `"<span class=\\"glaemscribe language-quenya writing-tengwar typeface-elfica\\">t%5#8 1T7T3<i>\`N81 yEjE7Y5</i><b>\`C2lU5</b>t%5#8 yEjE7Y5</span>"`;

exports[`tengwar transpiles single child string contents 1`] = `"<span class=\\"glaemscribe language-quenya writing-tengwar typeface-elfica\\">t%5#8 1T7T3</span>"`;
